// Jest Snapshot v1, https://goo.gl/fbAQLP

exports[`<IconButton /> should match the snapshot 1`] = `
<div>
  <button
    class="IconButton Button opaque"
    data-testid="IconButton"
    type="button"
  >
    <svg
      class="Spinner spinner"
    >
      oval.svg
    </svg>
  </button>
</div>
`;
