// Jest Snapshot v1, https://goo.gl/fbAQLP

exports[`<ForgotPasswordForm /> should match the snapshot 1`] = `
<div>
  <div
    class="ForgotPasswordForm"
    data-testid="ForgotPasswordForm"
  >
    <form
      class="form"
    >
      <svg
        class="icon"
      >
        email-icon.svg
      </svg>
      <h3
        class="Heading-module_Heading__Wg8yB heading"
        data-testid="Heading"
      >
        Forgot Password
      </h3>
      <label
        class="TextField-module_TextField__QtlJl"
        data-testid="TextField"
      >
        <div
          class="TextField-module_input__SPywc"
        >
          <input
            autocomplete="off"
            name="email"
            type="text"
            value=""
          />
        </div>
        <p
          class="Text-module_Text__K8mLZ TextField-module_error__IGQzp"
          data-testid="Text"
        />
      </label>
      <div
        class="buttonWrapper"
      >
        <button
          class="Button-module_Button__0OJEu Button-module_opaque__O0DEF"
          data-testid="Button"
          type="submit"
        >
          <svg
            class=""
            fill="#fff"
            viewBox="0 0 135 140"
            xmlns="http://www.w3.org/2000/svg"
          >
            <rect
              height="120"
              rx="6"
              width="15"
              y="10"
            >
              <animate
                attributeName="height"
                begin="0.5s"
                calcMode="linear"
                dur="1s"
                repeatCount="indefinite"
                values="120;110;100;90;80;70;60;50;40;140;120"
              />
              <animate
                attributeName="y"
                begin="0.5s"
                calcMode="linear"
                dur="1s"
                repeatCount="indefinite"
                values="10;15;20;25;30;35;40;45;50;0;10"
              />
            </rect>
            <rect
              height="120"
              rx="6"
              width="15"
              x="30"
              y="10"
            >
              <animate
                attributeName="height"
                begin="0.25s"
                calcMode="linear"
                dur="1s"
                repeatCount="indefinite"
                values="120;110;100;90;80;70;60;50;40;140;120"
              />
              <animate
                attributeName="y"
                begin="0.25s"
                calcMode="linear"
                dur="1s"
                repeatCount="indefinite"
                values="10;15;20;25;30;35;40;45;50;0;10"
              />
            </rect>
            <rect
              height="140"
              rx="6"
              width="15"
              x="60"
            >
              <animate
                attributeName="height"
                begin="0s"
                calcMode="linear"
                dur="1s"
                repeatCount="indefinite"
                values="120;110;100;90;80;70;60;50;40;140;120"
              />
              <animate
                attributeName="y"
                begin="0s"
                calcMode="linear"
                dur="1s"
                repeatCount="indefinite"
                values="10;15;20;25;30;35;40;45;50;0;10"
              />
            </rect>
            <rect
              height="120"
              rx="6"
              width="15"
              x="90"
              y="10"
            >
              <animate
                attributeName="height"
                begin="0.25s"
                calcMode="linear"
                dur="1s"
                repeatCount="indefinite"
                values="120;110;100;90;80;70;60;50;40;140;120"
              />
              <animate
                attributeName="y"
                begin="0.25s"
                calcMode="linear"
                dur="1s"
                repeatCount="indefinite"
                values="10;15;20;25;30;35;40;45;50;0;10"
              />
            </rect>
            <rect
              height="120"
              rx="6"
              width="15"
              x="120"
              y="10"
            >
              <animate
                attributeName="height"
                begin="0.5s"
                calcMode="linear"
                dur="1s"
                repeatCount="indefinite"
                values="120;110;100;90;80;70;60;50;40;140;120"
              />
              <animate
                attributeName="y"
                begin="0.5s"
                calcMode="linear"
                dur="1s"
                repeatCount="indefinite"
                values="10;15;20;25;30;35;40;45;50;0;10"
              />
            </rect>
          </svg>
          Submit
        </button>
      </div>
    </form>
  </div>
</div>
`;
