// Jest Snapshot v1, https://goo.gl/fbAQLP

exports[`<Main /> should match the snapshot 1`] = `
<div>
  <div
    class="Main"
  >
    <div
      data-testid="LoginForm"
    >
      {"className":"formContainer","returnUrl":""}
    </div>
  </div>
</div>
`;

exports[`<Main /> should match the snapshot 2`] = `
<div>
  <div
    class="Main"
  >
    <div
      data-testid="LoginForm"
    >
      {"className":"formContainer","returnUrl":""}
    </div>
  </div>
</div>
`;
