// Jest Snapshot v1, https://goo.gl/fbAQLP

exports[`<ApiResources /> should match the snapshot 1`] = `
<div>
  <div
    class="ApiResources"
    data-testid="ApiResources"
  >
    ApiResources works!!
  </div>
</div>
`;
