// Jest Snapshot v1, https://goo.gl/fbAQLP

exports[`<Home /> should match the snapshot 1`] = `
<div>
  <div
    class="Home"
    data-testid="Home"
  >
    <p
      class="token"
    >
      logged out
    </p>
    <div>
      <button
        type="button"
      >
        Log User Data
      </button>
    </div>
  </div>
</div>
`;
