// Jest Snapshot v1, https://goo.gl/fbAQLP

exports[`<TextField /> should match the snapshot 1`] = `
<div>
  <label
    class="TextField"
    data-testid="TextField"
  >
    <div
      class="input"
    >
      <input
        type="text"
        value=""
      />
      <div
        class="FakeButton prefix"
        data-testid="FakeButton"
        role="button"
        tabindex="0"
      />
      <div
        class="FakeButton suffix"
        data-testid="FakeButton"
        role="button"
        tabindex="0"
      />
    </div>
    <p
      class="Text error"
      data-testid="Text"
    />
  </label>
</div>
`;
