// Jest Snapshot v1, https://goo.gl/fbAQLP

exports[`<MainSidebar /> should match the snapshot 1`] = `
<div>
  <aside
    class="MainSidebar"
    data-testid="MainSidebar"
  >
    <li>
      Clients
       
      clients
    </li>
  </aside>
</div>
`;
