// Jest Snapshot v1, https://goo.gl/fbAQLP

exports[`<IdentityResources /> should match the snapshot 1`] = `
<div>
  <div
    class="IdentityResources"
    data-testid="IdentityResources"
  >
    IdentityResources works!!
  </div>
</div>
`;
