// Jest Snapshot v1, https://goo.gl/fbAQLP

exports[`<Logout /> should match the snapshot 1`] = `
<div>
  <div
    class="Logout"
    data-testid="Logout"
  >
    Logout works!!
  </div>
</div>
`;
