// Jest Snapshot v1, https://goo.gl/fbAQLP

exports[`<PersistedGrants /> should match the snapshot 1`] = `
<div>
  <div
    class="PersistedGrants"
    data-testid="PersistedGrants"
  >
    PersistedGrants works!!
  </div>
</div>
`;
