// Jest Snapshot v1, https://goo.gl/fbAQLP

exports[`<Users /> should match the snapshot 1`] = `
<div>
  <div
    class="Users"
    data-testid="Users"
  >
    Users works!!
  </div>
</div>
`;
