// Jest Snapshot v1, https://goo.gl/fbAQLP

exports[`<Header /> should match the snapshot 1`] = `
<div>
  <div
    class="Header"
    data-testid="Header"
  >
    Header works!!
  </div>
</div>
`;
