// Jest Snapshot v1, https://goo.gl/fbAQLP

exports[`<Button /> should match the snapshot 1`] = `
<div>
  <button
    class="Button opaque"
    data-testid="Button"
    type="button"
  >
    <svg
      class="Spinner"
    >
      bars.svg
    </svg>
  </button>
</div>
`;
