// Jest Snapshot v1, https://goo.gl/fbAQLP

exports[`<Roles /> should match the snapshot 1`] = `
<div>
  <div
    class="Roles"
    data-testid="Roles"
  >
    Roles works!!
  </div>
</div>
`;
