// Jest Snapshot v1, https://goo.gl/fbAQLP

exports[`<ApiScopes /> should match the snapshot 1`] = `
<div>
  <div
    class="ApiScopes"
    data-testid="ApiScopes"
  >
    ApiScopes works!!
  </div>
</div>
`;
