// Jest Snapshot v1, https://goo.gl/fbAQLP

exports[`<Clients /> should match the snapshot 1`] = `
<div>
  <div
    class="Clients"
    data-testid="Clients"
  >
    Clients works!!
  </div>
</div>
`;
