// Jest Snapshot v1, https://goo.gl/fbAQLP

exports[`<Main /> should match the snapshot 1`] = `
<div>
  <main
    class="Main"
    data-testid="Main"
  >
    <section
      class="page"
    />
  </main>
</div>
`;
