// Jest Snapshot v1, https://goo.gl/fbAQLP

exports[`<LogoutButton /> should match the snapshot 1`] = `
<div>
  <button
    class="MuiButtonBase-root MuiButton-root MuiButton-text MuiButton-textPrimary MuiButton-sizeMedium MuiButton-textSizeMedium MuiButton-root MuiButton-text MuiButton-textPrimary MuiButton-sizeMedium MuiButton-textSizeMedium css-1e6y48t-MuiButtonBase-root-MuiButton-root"
    data-testid="LoginButton"
    tabindex="0"
    type="button"
  >
    Logout
    <span
      class="MuiTouchRipple-root css-8je8zh-MuiTouchRipple-root"
    />
  </button>
</div>
`;
