// Jest Snapshot v1, https://goo.gl/fbAQLP

exports[`<AppLink /> should match the snapshot 1`] = `
<div>
  <a
    data-testid="AppLink"
    href="/foo/bar"
  />
</div>
`;
